I'm sorry, but errors were detected in your script. Please correct the
errors listed below, and try again.


File "game/script-0.rpy", line 4: expected statement.
    size (1920, 1080)
                     ^

Ren'Py Version: Ren'Py 8.3.6.25022803
Fri May 16 20:20:26 2025
